2026-07-25 18:18:09.812 INFO  c.j.b.s.service.UserServiceTest - Starting UserServiceTest using Java 25.0.3 with PID 24292 (started by lolth in G:\Usuarios\lolth\Documentos\Workspace Eclipse & IntelliJ\backendPortafolio)
2026-07-25 18:18:09.816 DEBUG c.j.b.s.service.UserServiceTest - Running with Spring Boot v4.0.3, Spring v7.0.5
2026-07-25 18:18:09.816 INFO  c.j.b.s.service.UserServiceTest - The following 1 profile is active: "test"
2026-07-25 18:18:12.900 INFO  o.s.d.r.c.RepositoryConfigurationDelegate - Bootstrapping Spring Data JPA repositories in DEFAULT mode.
2026-07-25 18:18:13.017 INFO  o.s.d.r.c.RepositoryConfigurationDelegate - Finished Spring Data repository scanning in 106 ms. Found 8 JPA repository interfaces.
2026-07-25 18:18:14.283 INFO  o.s.o.j.p.SpringPersistenceUnitInfo - No LoadTimeWeaver setup: ignoring JPA class transformer
2026-07-25 18:18:14.329 INFO  com.zaxxer.hikari.HikariDataSource - HikariPool-1 - Starting...
2026-07-25 18:18:14.565 INFO  com.zaxxer.hikari.pool.HikariPool - HikariPool-1 - Added connection conn0: url=jdbc:h2:mem:testdb user=SA
2026-07-25 18:18:14.566 INFO  com.zaxxer.hikari.HikariDataSource - HikariPool-1 - Start completed.
2026-07-25 18:18:15.858 INFO  o.s.o.j.LocalContainerEntityManagerFactoryBean - Initialized JPA EntityManagerFactory for persistence unit 'default'
2026-07-25 18:18:15.975 INFO  o.s.d.j.r.q.QueryEnhancerFactories - Hibernate is in classpath; If applicable, HQL parser will be used.
2026-07-25 18:18:17.269 INFO  o.s.s.c.a.a.c.InitializeUserDetailsBeanManagerConfigurer$InitializeUserDetailsManagerConfigurer - Global AuthenticationManager configured with UserDetailsService bean with name userDetailsServiceImpl
2026-07-25 18:18:17.423 WARN  o.s.b.j.a.JpaBaseConfiguration$JpaWebConfiguration - spring.jpa.open-in-view is enabled by default. Therefore, database queries may be performed during view rendering. Explicitly configure spring.jpa.open-in-view to disable this warning
2026-07-25 18:18:18.322 INFO  c.j.b.s.service.UserServiceTest - Started UserServiceTest in 9.073 seconds (process running for 11.201)
2026-07-25 18:18:19.223 INFO  o.s.o.j.LocalContainerEntityManagerFactoryBean - Closing JPA EntityManagerFactory for persistence unit 'default'
2026-07-25 18:18:19.234 INFO  com.zaxxer.hikari.HikariDataSource - HikariPool-1 - Shutdown initiated...
2026-07-25 18:18:19.236 INFO  com.zaxxer.hikari.HikariDataSource - HikariPool-1 - Shutdown completed.
2026-07-25 18:18:41.975 INFO  c.j.b.s.service.UserServiceTest - Starting UserServiceTest using Java 25.0.3 with PID 24420 (started by lolth in G:\Usuarios\lolth\Documentos\Workspace Eclipse & IntelliJ\backendPortafolio)
2026-07-25 18:18:41.976 DEBUG c.j.b.s.service.UserServiceTest - Running with Spring Boot v4.0.3, Spring v7.0.5
2026-07-25 18:18:41.977 INFO  c.j.b.s.service.UserServiceTest - The following 1 profile is active: "test"
2026-07-25 18:18:42.885 INFO  o.s.d.r.c.RepositoryConfigurationDelegate - Bootstrapping Spring Data JPA repositories in DEFAULT mode.
2026-07-25 18:18:42.984 INFO  o.s.d.r.c.RepositoryConfigurationDelegate - Finished Spring Data repository scanning in 90 ms. Found 8 JPA repository interfaces.
2026-07-25 18:18:44.051 INFO  o.s.o.j.p.SpringPersistenceUnitInfo - No LoadTimeWeaver setup: ignoring JPA class transformer
2026-07-25 18:18:44.085 INFO  com.zaxxer.hikari.HikariDataSource - HikariPool-1 - Starting...
2026-07-25 18:18:44.263 INFO  com.zaxxer.hikari.pool.HikariPool - HikariPool-1 - Added connection conn0: url=jdbc:h2:mem:testdb user=SA
2026-07-25 18:18:44.265 INFO  com.zaxxer.hikari.HikariDataSource - HikariPool-1 - Start completed.
2026-07-25 18:18:45.412 INFO  o.s.o.j.LocalContainerEntityManagerFactoryBean - Initialized JPA EntityManagerFactory for persistence unit 'default'
2026-07-25 18:18:45.519 INFO  o.s.d.j.r.q.QueryEnhancerFactories - Hibernate is in classpath; If applicable, HQL parser will be used.
2026-07-25 18:18:46.749 INFO  o.s.s.c.a.a.c.InitializeUserDetailsBeanManagerConfigurer$InitializeUserDetailsManagerConfigurer - Global AuthenticationManager configured with UserDetailsService bean with name userDetailsServiceImpl
2026-07-25 18:18:46.884 WARN  o.s.b.j.a.JpaBaseConfiguration$JpaWebConfiguration - spring.jpa.open-in-view is enabled by default. Therefore, database queries may be performed during view rendering. Explicitly configure spring.jpa.open-in-view to disable this warning
2026-07-25 18:18:47.718 INFO  c.j.b.s.service.UserServiceTest - Started UserServiceTest in 6.135 seconds (process running for 7.53)
2026-07-25 18:18:48.579 INFO  o.s.o.j.LocalContainerEntityManagerFactoryBean - Closing JPA EntityManagerFactory for persistence unit 'default'
2026-07-25 18:18:48.589 INFO  com.zaxxer.hikari.HikariDataSource - HikariPool-1 - Shutdown initiated...
2026-07-25 18:18:48.591 INFO  com.zaxxer.hikari.HikariDataSource - HikariPool-1 - Shutdown completed.
2026-07-25 18:22:59.211 INFO  c.j.b.s.service.UserServiceTest - Starting UserServiceTest using Java 25.0.3 with PID 9316 (started by lolth in G:\Usuarios\lolth\Documentos\Workspace Eclipse & IntelliJ\backendPortafolio)
2026-07-25 18:22:59.219 DEBUG c.j.b.s.service.UserServiceTest - Running with Spring Boot v4.0.3, Spring v7.0.5
2026-07-25 18:22:59.220 INFO  c.j.b.s.service.UserServiceTest - The following 1 profile is active: "test"
2026-07-25 18:23:00.784 INFO  o.s.d.r.c.RepositoryConfigurationDelegate - Bootstrapping Spring Data JPA repositories in DEFAULT mode.
2026-07-25 18:23:00.886 INFO  o.s.d.r.c.RepositoryConfigurationDelegate - Finished Spring Data repository scanning in 92 ms. Found 8 JPA repository interfaces.
2026-07-25 18:23:02.180 INFO  o.s.o.j.p.SpringPersistenceUnitInfo - No LoadTimeWeaver setup: ignoring JPA class transformer
2026-07-25 18:23:02.218 INFO  com.zaxxer.hikari.HikariDataSource - HikariPool-1 - Starting...
2026-07-25 18:23:02.441 INFO  com.zaxxer.hikari.pool.HikariPool - HikariPool-1 - Added connection conn0: url=jdbc:h2:mem:testdb user=SA
2026-07-25 18:23:02.442 INFO  com.zaxxer.hikari.HikariDataSource - HikariPool-1 - Start completed.
2026-07-25 18:23:03.751 INFO  o.s.o.j.LocalContainerEntityManagerFactoryBean - Initialized JPA EntityManagerFactory for persistence unit 'default'
2026-07-25 18:23:03.876 INFO  o.s.d.j.r.q.QueryEnhancerFactories - Hibernate is in classpath; If applicable, HQL parser will be used.
2026-07-25 18:23:05.266 INFO  o.s.s.c.a.a.c.InitializeUserDetailsBeanManagerConfigurer$InitializeUserDetailsManagerConfigurer - Global AuthenticationManager configured with UserDetailsService bean with name userDetailsServiceImpl
2026-07-25 18:23:05.389 WARN  o.s.b.j.a.JpaBaseConfiguration$JpaWebConfiguration - spring.jpa.open-in-view is enabled by default. Therefore, database queries may be performed during view rendering. Explicitly configure spring.jpa.open-in-view to disable this warning
2026-07-25 18:23:06.212 INFO  c.j.b.s.service.UserServiceTest - Started UserServiceTest in 7.46 seconds (process running for 9.151)
2026-07-25 18:23:07.068 INFO  o.s.o.j.LocalContainerEntityManagerFactoryBean - Closing JPA EntityManagerFactory for persistence unit 'default'
2026-07-25 18:23:07.076 INFO  com.zaxxer.hikari.HikariDataSource - HikariPool-1 - Shutdown initiated...
2026-07-25 18:23:07.078 INFO  com.zaxxer.hikari.HikariDataSource - HikariPool-1 - Shutdown completed.
2026-07-25 18:24:27.181 INFO  c.j.b.s.service.UserServiceTest - Starting UserServiceTest using Java 25.0.3 with PID 22388 (started by lolth in G:\Usuarios\lolth\Documentos\Workspace Eclipse & IntelliJ\backendPortafolio)
2026-07-25 18:24:27.183 DEBUG c.j.b.s.service.UserServiceTest - Running with Spring Boot v4.0.3, Spring v7.0.5
2026-07-25 18:24:27.183 INFO  c.j.b.s.service.UserServiceTest - The following 1 profile is active: "test"
2026-07-25 18:24:28.173 INFO  o.s.d.r.c.RepositoryConfigurationDelegate - Bootstrapping Spring Data JPA repositories in DEFAULT mode.
2026-07-25 18:24:28.289 INFO  o.s.d.r.c.RepositoryConfigurationDelegate - Finished Spring Data repository scanning in 103 ms. Found 8 JPA repository interfaces.
2026-07-25 18:24:29.493 INFO  o.s.o.j.p.SpringPersistenceUnitInfo - No LoadTimeWeaver setup: ignoring JPA class transformer
2026-07-25 18:24:29.528 INFO  com.zaxxer.hikari.HikariDataSource - HikariPool-1 - Starting...
2026-07-25 18:24:29.700 INFO  com.zaxxer.hikari.pool.HikariPool - HikariPool-1 - Added connection conn0: url=jdbc:h2:mem:testdb user=SA
2026-07-25 18:24:29.702 INFO  com.zaxxer.hikari.HikariDataSource - HikariPool-1 - Start completed.
2026-07-25 18:24:30.841 INFO  o.s.o.j.LocalContainerEntityManagerFactoryBean - Initialized JPA EntityManagerFactory for persistence unit 'default'
2026-07-25 18:24:30.939 INFO  o.s.d.j.r.q.QueryEnhancerFactories - Hibernate is in classpath; If applicable, HQL parser will be used.
2026-07-25 18:24:32.199 INFO  o.s.s.c.a.a.c.InitializeUserDetailsBeanManagerConfigurer$InitializeUserDetailsManagerConfigurer - Global AuthenticationManager configured with UserDetailsService bean with name userDetailsServiceImpl
2026-07-25 18:24:32.327 WARN  o.s.b.j.a.JpaBaseConfiguration$JpaWebConfiguration - spring.jpa.open-in-view is enabled by default. Therefore, database queries may be performed during view rendering. Explicitly configure spring.jpa.open-in-view to disable this warning
2026-07-25 18:24:33.135 INFO  c.j.b.s.service.UserServiceTest - Started UserServiceTest in 6.349 seconds (process running for 7.738)
2026-07-25 18:24:33.919 INFO  o.s.o.j.LocalContainerEntityManagerFactoryBean - Closing JPA EntityManagerFactory for persistence unit 'default'
2026-07-25 18:24:33.928 INFO  com.zaxxer.hikari.HikariDataSource - HikariPool-1 - Shutdown initiated...
2026-07-25 18:24:33.929 INFO  com.zaxxer.hikari.HikariDataSource - HikariPool-1 - Shutdown completed.
2026-07-25 18:35:56.982 INFO  c.j.b.s.service.UserServiceTest - Starting UserServiceTest using Java 25.0.3 with PID 21052 (started by lolth in G:\Usuarios\lolth\Documentos\Workspace Eclipse & IntelliJ\backendPortafolio)
2026-07-25 18:35:56.983 DEBUG c.j.b.s.service.UserServiceTest - Running with Spring Boot v4.0.3, Spring v7.0.5
2026-07-25 18:35:56.984 INFO  c.j.b.s.service.UserServiceTest - The following 1 profile is active: "test"
2026-07-25 18:35:57.941 INFO  o.s.d.r.c.RepositoryConfigurationDelegate - Bootstrapping Spring Data JPA repositories in DEFAULT mode.
2026-07-25 18:35:58.049 INFO  o.s.d.r.c.RepositoryConfigurationDelegate - Finished Spring Data repository scanning in 98 ms. Found 8 JPA repository interfaces.
2026-07-25 18:35:59.103 INFO  o.s.o.j.p.SpringPersistenceUnitInfo - No LoadTimeWeaver setup: ignoring JPA class transformer
2026-07-25 18:35:59.133 INFO  com.zaxxer.hikari.HikariDataSource - HikariPool-1 - Starting...
2026-07-25 18:35:59.309 INFO  com.zaxxer.hikari.pool.HikariPool - HikariPool-1 - Added connection conn0: url=jdbc:h2:mem:testdb user=SA
2026-07-25 18:35:59.312 INFO  com.zaxxer.hikari.HikariDataSource - HikariPool-1 - Start completed.
2026-07-25 18:36:00.485 INFO  o.s.o.j.LocalContainerEntityManagerFactoryBean - Initialized JPA EntityManagerFactory for persistence unit 'default'
2026-07-25 18:36:00.583 INFO  o.s.d.j.r.q.QueryEnhancerFactories - Hibernate is in classpath; If applicable, HQL parser will be used.
2026-07-25 18:36:01.888 INFO  o.s.s.c.a.a.c.InitializeUserDetailsBeanManagerConfigurer$InitializeUserDetailsManagerConfigurer - Global AuthenticationManager configured with UserDetailsService bean with name userDetailsServiceImpl
2026-07-25 18:36:02.015 WARN  o.s.b.j.a.JpaBaseConfiguration$JpaWebConfiguration - spring.jpa.open-in-view is enabled by default. Therefore, database queries may be performed during view rendering. Explicitly configure spring.jpa.open-in-view to disable this warning
2026-07-25 18:36:02.802 INFO  c.j.b.s.service.UserServiceTest - Started UserServiceTest in 6.214 seconds (process running for 7.62)
2026-07-25 18:36:03.594 INFO  o.s.o.j.LocalContainerEntityManagerFactoryBean - Closing JPA EntityManagerFactory for persistence unit 'default'
2026-07-25 18:36:03.603 INFO  com.zaxxer.hikari.HikariDataSource - HikariPool-1 - Shutdown initiated...
2026-07-25 18:36:03.613 INFO  com.zaxxer.hikari.HikariDataSource - HikariPool-1 - Shutdown completed.
2026-07-25 18:36:38.192 INFO  c.j.b.s.service.UserServiceTest - Starting UserServiceTest using Java 25.0.3 with PID 13520 (started by lolth in G:\Usuarios\lolth\Documentos\Workspace Eclipse & IntelliJ\backendPortafolio)
2026-07-25 18:36:38.193 DEBUG c.j.b.s.service.UserServiceTest - Running with Spring Boot v4.0.3, Spring v7.0.5
2026-07-25 18:36:38.194 INFO  c.j.b.s.service.UserServiceTest - The following 1 profile is active: "test"
2026-07-25 18:36:39.128 INFO  o.s.d.r.c.RepositoryConfigurationDelegate - Bootstrapping Spring Data JPA repositories in DEFAULT mode.
2026-07-25 18:36:39.228 INFO  o.s.d.r.c.RepositoryConfigurationDelegate - Finished Spring Data repository scanning in 89 ms. Found 8 JPA repository interfaces.
2026-07-25 18:36:40.478 INFO  o.s.o.j.p.SpringPersistenceUnitInfo - No LoadTimeWeaver setup: ignoring JPA class transformer
2026-07-25 18:36:40.512 INFO  com.zaxxer.hikari.HikariDataSource - HikariPool-1 - Starting...
2026-07-25 18:36:40.709 INFO  com.zaxxer.hikari.pool.HikariPool - HikariPool-1 - Added connection conn0: url=jdbc:h2:mem:testdb user=SA
2026-07-25 18:36:40.711 INFO  com.zaxxer.hikari.HikariDataSource - HikariPool-1 - Start completed.
2026-07-25 18:36:41.880 INFO  o.s.o.j.LocalContainerEntityManagerFactoryBean - Initialized JPA EntityManagerFactory for persistence unit 'default'
2026-07-25 18:36:41.976 INFO  o.s.d.j.r.q.QueryEnhancerFactories - Hibernate is in classpath; If applicable, HQL parser will be used.
2026-07-25 18:36:43.202 INFO  o.s.s.c.a.a.c.InitializeUserDetailsBeanManagerConfigurer$InitializeUserDetailsManagerConfigurer - Global AuthenticationManager configured with UserDetailsService bean with name userDetailsServiceImpl
2026-07-25 18:36:43.326 WARN  o.s.b.j.a.JpaBaseConfiguration$JpaWebConfiguration - spring.jpa.open-in-view is enabled by default. Therefore, database queries may be performed during view rendering. Explicitly configure spring.jpa.open-in-view to disable this warning
2026-07-25 18:36:44.098 INFO  c.j.b.s.service.UserServiceTest - Started UserServiceTest in 6.29 seconds (process running for 7.704)
2026-07-25 18:36:44.814 INFO  o.s.o.j.LocalContainerEntityManagerFactoryBean - Closing JPA EntityManagerFactory for persistence unit 'default'
2026-07-25 18:36:44.822 INFO  com.zaxxer.hikari.HikariDataSource - HikariPool-1 - Shutdown initiated...
2026-07-25 18:36:44.824 INFO  com.zaxxer.hikari.HikariDataSource - HikariPool-1 - Shutdown completed.
2026-07-25 18:39:26.198 INFO  c.j.b.s.service.UserServiceTest - Starting UserServiceTest using Java 25.0.3 with PID 2736 (started by lolth in G:\Usuarios\lolth\Documentos\Workspace Eclipse & IntelliJ\backendPortafolio)
2026-07-25 18:39:26.199 DEBUG c.j.b.s.service.UserServiceTest - Running with Spring Boot v4.0.3, Spring v7.0.5
2026-07-25 18:39:26.199 INFO  c.j.b.s.service.UserServiceTest - The following 1 profile is active: "test"
2026-07-25 18:39:27.172 INFO  o.s.d.r.c.RepositoryConfigurationDelegate - Bootstrapping Spring Data JPA repositories in DEFAULT mode.
2026-07-25 18:39:27.274 INFO  o.s.d.r.c.RepositoryConfigurationDelegate - Finished Spring Data repository scanning in 90 ms. Found 8 JPA repository interfaces.
2026-07-25 18:39:28.374 INFO  o.s.o.j.p.SpringPersistenceUnitInfo - No LoadTimeWeaver setup: ignoring JPA class transformer
2026-07-25 18:39:28.405 INFO  com.zaxxer.hikari.HikariDataSource - HikariPool-1 - Starting...
2026-07-25 18:39:28.581 INFO  com.zaxxer.hikari.pool.HikariPool - HikariPool-1 - Added connection conn0: url=jdbc:h2:mem:testdb user=SA
2026-07-25 18:39:28.583 INFO  com.zaxxer.hikari.HikariDataSource - HikariPool-1 - Start completed.
2026-07-25 18:39:29.720 INFO  o.s.o.j.LocalContainerEntityManagerFactoryBean - Initialized JPA EntityManagerFactory for persistence unit 'default'
2026-07-25 18:39:29.826 INFO  o.s.d.j.r.q.QueryEnhancerFactories - Hibernate is in classpath; If applicable, HQL parser will be used.
2026-07-25 18:39:31.198 INFO  o.s.s.c.a.a.c.InitializeUserDetailsBeanManagerConfigurer$InitializeUserDetailsManagerConfigurer - Global AuthenticationManager configured with UserDetailsService bean with name userDetailsServiceImpl
2026-07-25 18:39:31.340 WARN  o.s.b.j.a.JpaBaseConfiguration$JpaWebConfiguration - spring.jpa.open-in-view is enabled by default. Therefore, database queries may be performed during view rendering. Explicitly configure spring.jpa.open-in-view to disable this warning
2026-07-25 18:39:32.159 INFO  c.j.b.s.service.UserServiceTest - Started UserServiceTest in 6.349 seconds (process running for 7.745)
2026-07-25 18:39:32.999 INFO  o.s.o.j.LocalContainerEntityManagerFactoryBean - Closing JPA EntityManagerFactory for persistence unit 'default'
2026-07-25 18:39:33.007 INFO  com.zaxxer.hikari.HikariDataSource - HikariPool-1 - Shutdown initiated...
2026-07-25 18:39:33.009 INFO  com.zaxxer.hikari.HikariDataSource - HikariPool-1 - Shutdown completed.
2026-07-25 18:55:08.271 INFO  c.j.b.s.service.UserServiceTest - Starting UserServiceTest using Java 25.0.3 with PID 8388 (started by lolth in G:\Usuarios\lolth\Documentos\Workspace Eclipse & IntelliJ\backendPortafolio)
2026-07-25 18:55:08.272 DEBUG c.j.b.s.service.UserServiceTest - Running with Spring Boot v4.0.3, Spring v7.0.5
2026-07-25 18:55:08.273 INFO  c.j.b.s.service.UserServiceTest - The following 1 profile is active: "test"
2026-07-25 18:55:09.264 INFO  o.s.d.r.c.RepositoryConfigurationDelegate - Bootstrapping Spring Data JPA repositories in DEFAULT mode.
2026-07-25 18:55:09.367 INFO  o.s.d.r.c.RepositoryConfigurationDelegate - Finished Spring Data repository scanning in 93 ms. Found 8 JPA repository interfaces.
2026-07-25 18:55:10.545 INFO  o.s.o.j.p.SpringPersistenceUnitInfo - No LoadTimeWeaver setup: ignoring JPA class transformer
2026-07-25 18:55:10.578 INFO  com.zaxxer.hikari.HikariDataSource - HikariPool-1 - Starting...
2026-07-25 18:55:10.750 INFO  com.zaxxer.hikari.pool.HikariPool - HikariPool-1 - Added connection conn0: url=jdbc:h2:mem:testdb user=SA
2026-07-25 18:55:10.752 INFO  com.zaxxer.hikari.HikariDataSource - HikariPool-1 - Start completed.
2026-07-25 18:55:11.921 INFO  o.s.o.j.LocalContainerEntityManagerFactoryBean - Initialized JPA EntityManagerFactory for persistence unit 'default'
2026-07-25 18:55:12.024 INFO  o.s.d.j.r.q.QueryEnhancerFactories - Hibernate is in classpath; If applicable, HQL parser will be used.
2026-07-25 18:55:13.298 INFO  o.s.s.c.a.a.c.InitializeUserDetailsBeanManagerConfigurer$InitializeUserDetailsManagerConfigurer - Global AuthenticationManager configured with UserDetailsService bean with name userDetailsServiceImpl
2026-07-25 18:55:13.429 WARN  o.s.b.j.a.JpaBaseConfiguration$JpaWebConfiguration - spring.jpa.open-in-view is enabled by default. Therefore, database queries may be performed during view rendering. Explicitly configure spring.jpa.open-in-view to disable this warning
2026-07-25 18:55:14.234 INFO  c.j.b.s.service.UserServiceTest - Started UserServiceTest in 6.368 seconds (process running for 7.819)
2026-07-25 18:55:15.029 INFO  o.s.o.j.LocalContainerEntityManagerFactoryBean - Closing JPA EntityManagerFactory for persistence unit 'default'
2026-07-25 18:55:15.039 INFO  com.zaxxer.hikari.HikariDataSource - HikariPool-1 - Shutdown initiated...
2026-07-25 18:55:15.041 INFO  com.zaxxer.hikari.HikariDataSource - HikariPool-1 - Shutdown completed.
2026-07-25 18:55:58.506 INFO  c.j.b.s.service.UserServiceTest - Starting UserServiceTest using Java 25.0.3 with PID 23820 (started by lolth in G:\Usuarios\lolth\Documentos\Workspace Eclipse & IntelliJ\backendPortafolio)
2026-07-25 18:55:58.507 DEBUG c.j.b.s.service.UserServiceTest - Running with Spring Boot v4.0.3, Spring v7.0.5
2026-07-25 18:55:58.508 INFO  c.j.b.s.service.UserServiceTest - The following 1 profile is active: "test"
2026-07-25 18:55:59.502 INFO  o.s.d.r.c.RepositoryConfigurationDelegate - Bootstrapping Spring Data JPA repositories in DEFAULT mode.
2026-07-25 18:55:59.605 INFO  o.s.d.r.c.RepositoryConfigurationDelegate - Finished Spring Data repository scanning in 93 ms. Found 8 JPA repository interfaces.
2026-07-25 18:56:00.758 INFO  o.s.o.j.p.SpringPersistenceUnitInfo - No LoadTimeWeaver setup: ignoring JPA class transformer
2026-07-25 18:56:00.790 INFO  com.zaxxer.hikari.HikariDataSource - HikariPool-1 - Starting...
2026-07-25 18:56:00.967 INFO  com.zaxxer.hikari.pool.HikariPool - HikariPool-1 - Added connection conn0: url=jdbc:h2:mem:testdb user=SA
2026-07-25 18:56:00.968 INFO  com.zaxxer.hikari.HikariDataSource - HikariPool-1 - Start completed.
2026-07-25 18:56:02.149 INFO  o.s.o.j.LocalContainerEntityManagerFactoryBean - Initialized JPA EntityManagerFactory for persistence unit 'default'
2026-07-25 18:56:02.253 INFO  o.s.d.j.r.q.QueryEnhancerFactories - Hibernate is in classpath; If applicable, HQL parser will be used.
2026-07-25 18:56:03.611 INFO  o.s.s.c.a.a.c.InitializeUserDetailsBeanManagerConfigurer$InitializeUserDetailsManagerConfigurer - Global AuthenticationManager configured with UserDetailsService bean with name userDetailsServiceImpl
2026-07-25 18:56:03.748 WARN  o.s.b.j.a.JpaBaseConfiguration$JpaWebConfiguration - spring.jpa.open-in-view is enabled by default. Therefore, database queries may be performed during view rendering. Explicitly configure spring.jpa.open-in-view to disable this warning
2026-07-25 18:56:04.702 INFO  c.j.b.s.service.UserServiceTest - Started UserServiceTest in 6.595 seconds (process running for 8.016)
2026-07-25 18:56:05.526 INFO  o.s.o.j.LocalContainerEntityManagerFactoryBean - Closing JPA EntityManagerFactory for persistence unit 'default'
2026-07-25 18:56:05.537 INFO  com.zaxxer.hikari.HikariDataSource - HikariPool-1 - Shutdown initiated...
2026-07-25 18:56:05.539 INFO  com.zaxxer.hikari.HikariDataSource - HikariPool-1 - Shutdown completed.
2026-07-25 18:56:52.007 INFO  c.j.b.s.service.UserServiceTest - Starting UserServiceTest using Java 25.0.3 with PID 13428 (started by lolth in G:\Usuarios\lolth\Documentos\Workspace Eclipse & IntelliJ\backendPortafolio)
2026-07-25 18:56:52.008 DEBUG c.j.b.s.service.UserServiceTest - Running with Spring Boot v4.0.3, Spring v7.0.5
2026-07-25 18:56:52.008 INFO  c.j.b.s.service.UserServiceTest - The following 1 profile is active: "test"
2026-07-25 18:56:52.922 INFO  o.s.d.r.c.RepositoryConfigurationDelegate - Bootstrapping Spring Data JPA repositories in DEFAULT mode.
2026-07-25 18:56:53.020 INFO  o.s.d.r.c.RepositoryConfigurationDelegate - Finished Spring Data repository scanning in 88 ms. Found 8 JPA repository interfaces.
2026-07-25 18:56:54.077 INFO  o.s.o.j.p.SpringPersistenceUnitInfo - No LoadTimeWeaver setup: ignoring JPA class transformer
2026-07-25 18:56:54.106 INFO  com.zaxxer.hikari.HikariDataSource - HikariPool-1 - Starting...
2026-07-25 18:56:54.271 INFO  com.zaxxer.hikari.pool.HikariPool - HikariPool-1 - Added connection conn0: url=jdbc:h2:mem:testdb user=SA
2026-07-25 18:56:54.272 INFO  com.zaxxer.hikari.HikariDataSource - HikariPool-1 - Start completed.
2026-07-25 18:56:55.371 INFO  o.s.o.j.LocalContainerEntityManagerFactoryBean - Initialized JPA EntityManagerFactory for persistence unit 'default'
2026-07-25 18:56:55.478 INFO  o.s.d.j.r.q.QueryEnhancerFactories - Hibernate is in classpath; If applicable, HQL parser will be used.
2026-07-25 18:56:56.706 INFO  o.s.s.c.a.a.c.InitializeUserDetailsBeanManagerConfigurer$InitializeUserDetailsManagerConfigurer - Global AuthenticationManager configured with UserDetailsService bean with name userDetailsServiceImpl
2026-07-25 18:56:56.832 WARN  o.s.b.j.a.JpaBaseConfiguration$JpaWebConfiguration - spring.jpa.open-in-view is enabled by default. Therefore, database queries may be performed during view rendering. Explicitly configure spring.jpa.open-in-view to disable this warning
2026-07-25 18:56:57.751 INFO  c.j.b.s.service.UserServiceTest - Started UserServiceTest in 6.127 seconds (process running for 7.547)
2026-07-25 18:56:58.505 INFO  o.s.o.j.LocalContainerEntityManagerFactoryBean - Closing JPA EntityManagerFactory for persistence unit 'default'
2026-07-25 18:56:58.513 INFO  com.zaxxer.hikari.HikariDataSource - HikariPool-1 - Shutdown initiated...
2026-07-25 18:56:58.515 INFO  com.zaxxer.hikari.HikariDataSource - HikariPool-1 - Shutdown completed.
2026-07-25 18:57:21.664 INFO  c.j.b.s.service.UserServiceTest - Starting UserServiceTest using Java 25.0.3 with PID 22116 (started by lolth in G:\Usuarios\lolth\Documentos\Workspace Eclipse & IntelliJ\backendPortafolio)
2026-07-25 18:57:21.665 DEBUG c.j.b.s.service.UserServiceTest - Running with Spring Boot v4.0.3, Spring v7.0.5
2026-07-25 18:57:21.665 INFO  c.j.b.s.service.UserServiceTest - The following 1 profile is active: "test"
2026-07-25 18:57:22.584 INFO  o.s.d.r.c.RepositoryConfigurationDelegate - Bootstrapping Spring Data JPA repositories in DEFAULT mode.
2026-07-25 18:57:22.678 INFO  o.s.d.r.c.RepositoryConfigurationDelegate - Finished Spring Data repository scanning in 84 ms. Found 8 JPA repository interfaces.
2026-07-25 18:57:23.685 INFO  o.s.o.j.p.SpringPersistenceUnitInfo - No LoadTimeWeaver setup: ignoring JPA class transformer
2026-07-25 18:57:23.715 INFO  com.zaxxer.hikari.HikariDataSource - HikariPool-1 - Starting...
2026-07-25 18:57:23.882 INFO  com.zaxxer.hikari.pool.HikariPool - HikariPool-1 - Added connection conn0: url=jdbc:h2:mem:testdb user=SA
2026-07-25 18:57:23.884 INFO  com.zaxxer.hikari.HikariDataSource - HikariPool-1 - Start completed.
2026-07-25 18:57:25.104 INFO  o.s.o.j.LocalContainerEntityManagerFactoryBean - Initialized JPA EntityManagerFactory for persistence unit 'default'
2026-07-25 18:57:25.215 INFO  o.s.d.j.r.q.QueryEnhancerFactories - Hibernate is in classpath; If applicable, HQL parser will be used.
2026-07-25 18:57:26.451 INFO  o.s.s.c.a.a.c.InitializeUserDetailsBeanManagerConfigurer$InitializeUserDetailsManagerConfigurer - Global AuthenticationManager configured with UserDetailsService bean with name userDetailsServiceImpl
2026-07-25 18:57:26.582 WARN  o.s.b.j.a.JpaBaseConfiguration$JpaWebConfiguration - spring.jpa.open-in-view is enabled by default. Therefore, database queries may be performed during view rendering. Explicitly configure spring.jpa.open-in-view to disable this warning
2026-07-25 18:57:27.386 INFO  c.j.b.s.service.UserServiceTest - Started UserServiceTest in 6.106 seconds (process running for 7.472)
2026-07-25 18:57:28.107 INFO  o.s.o.j.LocalContainerEntityManagerFactoryBean - Closing JPA EntityManagerFactory for persistence unit 'default'
2026-07-25 18:57:28.117 INFO  com.zaxxer.hikari.HikariDataSource - HikariPool-1 - Shutdown initiated...
2026-07-25 18:57:28.118 INFO  com.zaxxer.hikari.HikariDataSource - HikariPool-1 - Shutdown completed.
2026-07-25 18:57:44.358 INFO  c.j.b.s.service.UserServiceTest - Starting UserServiceTest using Java 25.0.3 with PID 10712 (started by lolth in G:\Usuarios\lolth\Documentos\Workspace Eclipse & IntelliJ\backendPortafolio)
2026-07-25 18:57:44.358 DEBUG c.j.b.s.service.UserServiceTest - Running with Spring Boot v4.0.3, Spring v7.0.5
2026-07-25 18:57:44.359 INFO  c.j.b.s.service.UserServiceTest - The following 1 profile is active: "test"
2026-07-25 18:57:45.369 INFO  o.s.d.r.c.RepositoryConfigurationDelegate - Bootstrapping Spring Data JPA repositories in DEFAULT mode.
2026-07-25 18:57:45.475 INFO  o.s.d.r.c.RepositoryConfigurationDelegate - Finished Spring Data repository scanning in 97 ms. Found 8 JPA repository interfaces.
2026-07-25 18:57:46.554 INFO  o.s.o.j.p.SpringPersistenceUnitInfo - No LoadTimeWeaver setup: ignoring JPA class transformer
2026-07-25 18:57:46.585 INFO  com.zaxxer.hikari.HikariDataSource - HikariPool-1 - Starting...
2026-07-25 18:57:46.752 INFO  com.zaxxer.hikari.pool.HikariPool - HikariPool-1 - Added connection conn0: url=jdbc:h2:mem:testdb user=SA
2026-07-25 18:57:46.754 INFO  com.zaxxer.hikari.HikariDataSource - HikariPool-1 - Start completed.
2026-07-25 18:57:47.955 INFO  o.s.o.j.LocalContainerEntityManagerFactoryBean - Initialized JPA EntityManagerFactory for persistence unit 'default'
2026-07-25 18:57:48.073 INFO  o.s.d.j.r.q.QueryEnhancerFactories - Hibernate is in classpath; If applicable, HQL parser will be used.
2026-07-25 18:57:49.283 INFO  o.s.s.c.a.a.c.InitializeUserDetailsBeanManagerConfigurer$InitializeUserDetailsManagerConfigurer - Global AuthenticationManager configured with UserDetailsService bean with name userDetailsServiceImpl
2026-07-25 18:57:49.403 WARN  o.s.b.j.a.JpaBaseConfiguration$JpaWebConfiguration - spring.jpa.open-in-view is enabled by default. Therefore, database queries may be performed during view rendering. Explicitly configure spring.jpa.open-in-view to disable this warning
2026-07-25 18:57:50.150 INFO  c.j.b.s.service.UserServiceTest - Started UserServiceTest in 6.177 seconds (process running for 7.542)
2026-07-25 18:57:50.864 INFO  o.s.o.j.LocalContainerEntityManagerFactoryBean - Closing JPA EntityManagerFactory for persistence unit 'default'
2026-07-25 18:57:50.873 INFO  com.zaxxer.hikari.HikariDataSource - HikariPool-1 - Shutdown initiated...
2026-07-25 18:57:50.882 INFO  com.zaxxer.hikari.HikariDataSource - HikariPool-1 - Shutdown completed.
2026-07-25 18:59:46.443 INFO  c.j.b.s.service.UserServiceTest - Starting UserServiceTest using Java 25.0.3 with PID 18328 (started by lolth in G:\Usuarios\lolth\Documentos\Workspace Eclipse & IntelliJ\backendPortafolio)
2026-07-25 18:59:46.444 DEBUG c.j.b.s.service.UserServiceTest - Running with Spring Boot v4.0.3, Spring v7.0.5
2026-07-25 18:59:46.444 INFO  c.j.b.s.service.UserServiceTest - The following 1 profile is active: "test"
2026-07-25 18:59:47.388 INFO  o.s.d.r.c.RepositoryConfigurationDelegate - Bootstrapping Spring Data JPA repositories in DEFAULT mode.
2026-07-25 18:59:47.495 INFO  o.s.d.r.c.RepositoryConfigurationDelegate - Finished Spring Data repository scanning in 95 ms. Found 8 JPA repository interfaces.
2026-07-25 18:59:48.637 INFO  o.s.o.j.p.SpringPersistenceUnitInfo - No LoadTimeWeaver setup: ignoring JPA class transformer
2026-07-25 18:59:48.676 INFO  com.zaxxer.hikari.HikariDataSource - HikariPool-1 - Starting...
2026-07-25 18:59:48.863 INFO  com.zaxxer.hikari.pool.HikariPool - HikariPool-1 - Added connection conn0: url=jdbc:h2:mem:testdb user=SA
2026-07-25 18:59:48.865 INFO  com.zaxxer.hikari.HikariDataSource - HikariPool-1 - Start completed.
2026-07-25 18:59:50.103 INFO  o.s.o.j.LocalContainerEntityManagerFactoryBean - Initialized JPA EntityManagerFactory for persistence unit 'default'
2026-07-25 18:59:50.203 INFO  o.s.d.j.r.q.QueryEnhancerFactories - Hibernate is in classpath; If applicable, HQL parser will be used.
2026-07-25 18:59:51.525 INFO  o.s.s.c.a.a.c.InitializeUserDetailsBeanManagerConfigurer$InitializeUserDetailsManagerConfigurer - Global AuthenticationManager configured with UserDetailsService bean with name userDetailsServiceImpl
2026-07-25 18:59:51.660 WARN  o.s.b.j.a.JpaBaseConfiguration$JpaWebConfiguration - spring.jpa.open-in-view is enabled by default. Therefore, database queries may be performed during view rendering. Explicitly configure spring.jpa.open-in-view to disable this warning
2026-07-25 18:59:52.467 INFO  c.j.b.s.service.UserServiceTest - Started UserServiceTest in 6.409 seconds (process running for 7.835)
2026-07-25 18:59:53.195 INFO  o.s.o.j.LocalContainerEntityManagerFactoryBean - Closing JPA EntityManagerFactory for persistence unit 'default'
2026-07-25 18:59:53.205 INFO  com.zaxxer.hikari.HikariDataSource - HikariPool-1 - Shutdown initiated...
2026-07-25 18:59:53.206 INFO  com.zaxxer.hikari.HikariDataSource - HikariPool-1 - Shutdown completed.
2026-07-25 19:04:28.910 INFO  c.j.b.s.service.UserServiceTest - Starting UserServiceTest using Java 25.0.3 with PID 24480 (started by lolth in G:\Usuarios\lolth\Documentos\Workspace Eclipse & IntelliJ\backendPortafolio)
2026-07-25 19:04:28.911 DEBUG c.j.b.s.service.UserServiceTest - Running with Spring Boot v4.0.3, Spring v7.0.5
2026-07-25 19:04:28.911 INFO  c.j.b.s.service.UserServiceTest - The following 1 profile is active: "test"
2026-07-25 19:04:29.910 INFO  o.s.d.r.c.RepositoryConfigurationDelegate - Bootstrapping Spring Data JPA repositories in DEFAULT mode.
2026-07-25 19:04:30.010 INFO  o.s.d.r.c.RepositoryConfigurationDelegate - Finished Spring Data repository scanning in 90 ms. Found 8 JPA repository interfaces.
2026-07-25 19:04:31.264 INFO  o.s.o.j.p.SpringPersistenceUnitInfo - No LoadTimeWeaver setup: ignoring JPA class transformer
2026-07-25 19:04:31.301 INFO  com.zaxxer.hikari.HikariDataSource - HikariPool-1 - Starting...
2026-07-25 19:04:31.508 INFO  com.zaxxer.hikari.pool.HikariPool - HikariPool-1 - Added connection conn0: url=jdbc:h2:mem:testdb user=SA
2026-07-25 19:04:31.509 INFO  com.zaxxer.hikari.HikariDataSource - HikariPool-1 - Start completed.
2026-07-25 19:04:32.714 INFO  o.s.o.j.LocalContainerEntityManagerFactoryBean - Initialized JPA EntityManagerFactory for persistence unit 'default'
2026-07-25 19:04:32.813 INFO  o.s.d.j.r.q.QueryEnhancerFactories - Hibernate is in classpath; If applicable, HQL parser will be used.
2026-07-25 19:04:34.081 INFO  o.s.s.c.a.a.c.InitializeUserDetailsBeanManagerConfigurer$InitializeUserDetailsManagerConfigurer - Global AuthenticationManager configured with UserDetailsService bean with name userDetailsServiceImpl
2026-07-25 19:04:34.197 WARN  o.s.b.j.a.JpaBaseConfiguration$JpaWebConfiguration - spring.jpa.open-in-view is enabled by default. Therefore, database queries may be performed during view rendering. Explicitly configure spring.jpa.open-in-view to disable this warning
2026-07-25 19:04:34.954 INFO  c.j.b.s.service.UserServiceTest - Started UserServiceTest in 6.445 seconds (process running for 7.841)
2026-07-25 19:04:35.709 INFO  o.s.o.j.LocalContainerEntityManagerFactoryBean - Closing JPA EntityManagerFactory for persistence unit 'default'
2026-07-25 19:04:35.719 INFO  com.zaxxer.hikari.HikariDataSource - HikariPool-1 - Shutdown initiated...
2026-07-25 19:04:35.721 INFO  com.zaxxer.hikari.HikariDataSource - HikariPool-1 - Shutdown completed.
2026-07-25 19:06:08.485 INFO  c.j.b.s.service.UserServiceTest - Starting UserServiceTest using Java 25.0.3 with PID 23796 (started by lolth in G:\Usuarios\lolth\Documentos\Workspace Eclipse & IntelliJ\backendPortafolio)
2026-07-25 19:06:08.486 DEBUG c.j.b.s.service.UserServiceTest - Running with Spring Boot v4.0.3, Spring v7.0.5
2026-07-25 19:06:08.486 INFO  c.j.b.s.service.UserServiceTest - The following 1 profile is active: "test"
2026-07-25 19:06:09.452 INFO  o.s.d.r.c.RepositoryConfigurationDelegate - Bootstrapping Spring Data JPA repositories in DEFAULT mode.
2026-07-25 19:06:09.549 INFO  o.s.d.r.c.RepositoryConfigurationDelegate - Finished Spring Data repository scanning in 87 ms. Found 8 JPA repository interfaces.
2026-07-25 19:06:10.616 INFO  o.s.o.j.p.SpringPersistenceUnitInfo - No LoadTimeWeaver setup: ignoring JPA class transformer
2026-07-25 19:06:10.646 INFO  com.zaxxer.hikari.HikariDataSource - HikariPool-1 - Starting...
2026-07-25 19:06:10.815 INFO  com.zaxxer.hikari.pool.HikariPool - HikariPool-1 - Added connection conn0: url=jdbc:h2:mem:testdb user=SA
2026-07-25 19:06:10.817 INFO  com.zaxxer.hikari.HikariDataSource - HikariPool-1 - Start completed.
2026-07-25 19:06:11.973 INFO  o.s.o.j.LocalContainerEntityManagerFactoryBean - Initialized JPA EntityManagerFactory for persistence unit 'default'
2026-07-25 19:06:12.152 INFO  o.s.d.j.r.q.QueryEnhancerFactories - Hibernate is in classpath; If applicable, HQL parser will be used.
2026-07-25 19:06:13.467 INFO  o.s.s.c.a.a.c.InitializeUserDetailsBeanManagerConfigurer$InitializeUserDetailsManagerConfigurer - Global AuthenticationManager configured with UserDetailsService bean with name userDetailsServiceImpl
2026-07-25 19:06:13.598 WARN  o.s.b.j.a.JpaBaseConfiguration$JpaWebConfiguration - spring.jpa.open-in-view is enabled by default. Therefore, database queries may be performed during view rendering. Explicitly configure spring.jpa.open-in-view to disable this warning
2026-07-25 19:06:14.385 INFO  c.j.b.s.service.UserServiceTest - Started UserServiceTest in 6.284 seconds (process running for 7.757)
2026-07-25 19:06:15.130 INFO  o.s.o.j.LocalContainerEntityManagerFactoryBean - Closing JPA EntityManagerFactory for persistence unit 'default'
2026-07-25 19:06:15.139 INFO  com.zaxxer.hikari.HikariDataSource - HikariPool-1 - Shutdown initiated...
2026-07-25 19:06:15.149 INFO  com.zaxxer.hikari.HikariDataSource - HikariPool-1 - Shutdown completed.
2026-07-25 19:06:57.358 INFO  c.j.b.s.service.UserServiceTest - Starting UserServiceTest using Java 25.0.3 with PID 21144 (started by lolth in G:\Usuarios\lolth\Documentos\Workspace Eclipse & IntelliJ\backendPortafolio)
2026-07-25 19:06:57.359 DEBUG c.j.b.s.service.UserServiceTest - Running with Spring Boot v4.0.3, Spring v7.0.5
2026-07-25 19:06:57.359 INFO  c.j.b.s.service.UserServiceTest - The following 1 profile is active: "test"
2026-07-25 19:06:58.282 INFO  o.s.d.r.c.RepositoryConfigurationDelegate - Bootstrapping Spring Data JPA repositories in DEFAULT mode.
2026-07-25 19:06:58.373 INFO  o.s.d.r.c.RepositoryConfigurationDelegate - Finished Spring Data repository scanning in 83 ms. Found 8 JPA repository interfaces.
2026-07-25 19:06:59.450 INFO  o.s.o.j.p.SpringPersistenceUnitInfo - No LoadTimeWeaver setup: ignoring JPA class transformer
2026-07-25 19:06:59.480 INFO  com.zaxxer.hikari.HikariDataSource - HikariPool-1 - Starting...
2026-07-25 19:06:59.653 INFO  com.zaxxer.hikari.pool.HikariPool - HikariPool-1 - Added connection conn0: url=jdbc:h2:mem:testdb user=SA
2026-07-25 19:06:59.655 INFO  com.zaxxer.hikari.HikariDataSource - HikariPool-1 - Start completed.
2026-07-25 19:07:00.815 INFO  o.s.o.j.LocalContainerEntityManagerFactoryBean - Initialized JPA EntityManagerFactory for persistence unit 'default'
2026-07-25 19:07:00.939 INFO  o.s.d.j.r.q.QueryEnhancerFactories - Hibernate is in classpath; If applicable, HQL parser will be used.
2026-07-25 19:07:02.250 INFO  o.s.s.c.a.a.c.InitializeUserDetailsBeanManagerConfigurer$InitializeUserDetailsManagerConfigurer - Global AuthenticationManager configured with UserDetailsService bean with name userDetailsServiceImpl
2026-07-25 19:07:02.383 WARN  o.s.b.j.a.JpaBaseConfiguration$JpaWebConfiguration - spring.jpa.open-in-view is enabled by default. Therefore, database queries may be performed during view rendering. Explicitly configure spring.jpa.open-in-view to disable this warning
2026-07-25 19:07:03.238 INFO  c.j.b.s.service.UserServiceTest - Started UserServiceTest in 6.264 seconds (process running for 7.619)
2026-07-25 19:07:04.024 INFO  o.s.o.j.LocalContainerEntityManagerFactoryBean - Closing JPA EntityManagerFactory for persistence unit 'default'
2026-07-25 19:07:04.041 INFO  com.zaxxer.hikari.HikariDataSource - HikariPool-1 - Shutdown initiated...
2026-07-25 19:07:04.043 INFO  com.zaxxer.hikari.HikariDataSource - HikariPool-1 - Shutdown completed.
2026-07-25 19:16:35.646 INFO  c.j.b.s.service.UserServiceTest - Starting UserServiceTest using Java 25.0.3 with PID 22944 (started by lolth in G:\Usuarios\lolth\Documentos\Workspace Eclipse & IntelliJ\backendPortafolio)
2026-07-25 19:16:35.647 DEBUG c.j.b.s.service.UserServiceTest - Running with Spring Boot v4.0.3, Spring v7.0.5
2026-07-25 19:16:35.648 INFO  c.j.b.s.service.UserServiceTest - The following 1 profile is active: "test"
2026-07-25 19:16:36.673 INFO  o.s.d.r.c.RepositoryConfigurationDelegate - Bootstrapping Spring Data JPA repositories in DEFAULT mode.
2026-07-25 19:16:36.785 INFO  o.s.d.r.c.RepositoryConfigurationDelegate - Finished Spring Data repository scanning in 103 ms. Found 8 JPA repository interfaces.
2026-07-25 19:16:37.940 INFO  o.s.o.j.p.SpringPersistenceUnitInfo - No LoadTimeWeaver setup: ignoring JPA class transformer
2026-07-25 19:16:37.974 INFO  com.zaxxer.hikari.HikariDataSource - HikariPool-1 - Starting...
2026-07-25 19:16:38.153 INFO  com.zaxxer.hikari.pool.HikariPool - HikariPool-1 - Added connection conn0: url=jdbc:h2:mem:testdb user=SA
2026-07-25 19:16:38.155 INFO  com.zaxxer.hikari.HikariDataSource - HikariPool-1 - Start completed.
2026-07-25 19:16:39.393 INFO  o.s.o.j.LocalContainerEntityManagerFactoryBean - Initialized JPA EntityManagerFactory for persistence unit 'default'
2026-07-25 19:16:39.498 INFO  o.s.d.j.r.q.QueryEnhancerFactories - Hibernate is in classpath; If applicable, HQL parser will be used.
2026-07-25 19:16:40.719 INFO  o.s.s.c.a.a.c.InitializeUserDetailsBeanManagerConfigurer$InitializeUserDetailsManagerConfigurer - Global AuthenticationManager configured with UserDetailsService bean with name userDetailsServiceImpl
2026-07-25 19:16:40.841 WARN  o.s.b.j.a.JpaBaseConfiguration$JpaWebConfiguration - spring.jpa.open-in-view is enabled by default. Therefore, database queries may be performed during view rendering. Explicitly configure spring.jpa.open-in-view to disable this warning
2026-07-25 19:16:41.713 INFO  c.j.b.s.service.UserServiceTest - Started UserServiceTest in 6.492 seconds (process running for 8.082)
2026-07-25 19:16:42.501 INFO  o.s.o.j.LocalContainerEntityManagerFactoryBean - Closing JPA EntityManagerFactory for persistence unit 'default'
2026-07-25 19:16:42.510 INFO  com.zaxxer.hikari.HikariDataSource - HikariPool-1 - Shutdown initiated...
2026-07-25 19:16:42.512 INFO  com.zaxxer.hikari.HikariDataSource - HikariPool-1 - Shutdown completed.
2026-07-25 19:16:47.509 INFO  c.j.b.s.service.UserServiceTest - Starting UserServiceTest using Java 25.0.3 with PID 15264 (started by lolth in G:\Usuarios\lolth\Documentos\Workspace Eclipse & IntelliJ\backendPortafolio)
2026-07-25 19:16:47.509 DEBUG c.j.b.s.service.UserServiceTest - Running with Spring Boot v4.0.3, Spring v7.0.5
2026-07-25 19:16:47.511 INFO  c.j.b.s.service.UserServiceTest - The following 1 profile is active: "test"
2026-07-25 19:16:48.442 INFO  o.s.d.r.c.RepositoryConfigurationDelegate - Bootstrapping Spring Data JPA repositories in DEFAULT mode.
2026-07-25 19:16:48.538 INFO  o.s.d.r.c.RepositoryConfigurationDelegate - Finished Spring Data repository scanning in 86 ms. Found 8 JPA repository interfaces.
2026-07-25 19:16:49.582 INFO  o.s.o.j.p.SpringPersistenceUnitInfo - No LoadTimeWeaver setup: ignoring JPA class transformer
2026-07-25 19:16:49.612 INFO  com.zaxxer.hikari.HikariDataSource - HikariPool-1 - Starting...
2026-07-25 19:16:49.781 INFO  com.zaxxer.hikari.pool.HikariPool - HikariPool-1 - Added connection conn0: url=jdbc:h2:mem:testdb user=SA
2026-07-25 19:16:49.783 INFO  com.zaxxer.hikari.HikariDataSource - HikariPool-1 - Start completed.
2026-07-25 19:16:50.927 INFO  o.s.o.j.LocalContainerEntityManagerFactoryBean - Initialized JPA EntityManagerFactory for persistence unit 'default'
2026-07-25 19:16:51.062 INFO  o.s.d.j.r.q.QueryEnhancerFactories - Hibernate is in classpath; If applicable, HQL parser will be used.
2026-07-25 19:16:52.554 INFO  o.s.s.c.a.a.c.InitializeUserDetailsBeanManagerConfigurer$InitializeUserDetailsManagerConfigurer - Global AuthenticationManager configured with UserDetailsService bean with name userDetailsServiceImpl
2026-07-25 19:16:52.678 WARN  o.s.b.j.a.JpaBaseConfiguration$JpaWebConfiguration - spring.jpa.open-in-view is enabled by default. Therefore, database queries may be performed during view rendering. Explicitly configure spring.jpa.open-in-view to disable this warning
2026-07-25 19:16:53.463 INFO  c.j.b.s.service.UserServiceTest - Started UserServiceTest in 6.36 seconds (process running for 7.798)
2026-07-25 19:16:54.496 INFO  o.s.o.j.LocalContainerEntityManagerFactoryBean - Closing JPA EntityManagerFactory for persistence unit 'default'
2026-07-25 19:16:54.507 INFO  com.zaxxer.hikari.HikariDataSource - HikariPool-1 - Shutdown initiated...
2026-07-25 19:16:54.509 INFO  com.zaxxer.hikari.HikariDataSource - HikariPool-1 - Shutdown completed.
2026-07-25 19:17:18.484 INFO  c.j.b.s.service.UserServiceTest - Starting UserServiceTest using Java 25.0.3 with PID 9040 (started by lolth in G:\Usuarios\lolth\Documentos\Workspace Eclipse & IntelliJ\backendPortafolio)
2026-07-25 19:17:18.485 DEBUG c.j.b.s.service.UserServiceTest - Running with Spring Boot v4.0.3, Spring v7.0.5
2026-07-25 19:17:18.485 INFO  c.j.b.s.service.UserServiceTest - The following 1 profile is active: "test"
2026-07-25 19:17:19.424 INFO  o.s.d.r.c.RepositoryConfigurationDelegate - Bootstrapping Spring Data JPA repositories in DEFAULT mode.
2026-07-25 19:17:19.524 INFO  o.s.d.r.c.RepositoryConfigurationDelegate - Finished Spring Data repository scanning in 83 ms. Found 8 JPA repository interfaces.
2026-07-25 19:17:20.619 INFO  o.s.o.j.p.SpringPersistenceUnitInfo - No LoadTimeWeaver setup: ignoring JPA class transformer
2026-07-25 19:17:20.651 INFO  com.zaxxer.hikari.HikariDataSource - HikariPool-1 - Starting...
2026-07-25 19:17:20.821 INFO  com.zaxxer.hikari.pool.HikariPool - HikariPool-1 - Added connection conn0: url=jdbc:h2:mem:testdb user=SA
2026-07-25 19:17:20.822 INFO  com.zaxxer.hikari.HikariDataSource - HikariPool-1 - Start completed.
2026-07-25 19:17:22.089 INFO  o.s.o.j.LocalContainerEntityManagerFactoryBean - Initialized JPA EntityManagerFactory for persistence unit 'default'
2026-07-25 19:17:22.187 INFO  o.s.d.j.r.q.QueryEnhancerFactories - Hibernate is in classpath; If applicable, HQL parser will be used.
2026-07-25 19:17:23.608 INFO  o.s.s.c.a.a.c.InitializeUserDetailsBeanManagerConfigurer$InitializeUserDetailsManagerConfigurer - Global AuthenticationManager configured with UserDetailsService bean with name userDetailsServiceImpl
2026-07-25 19:17:23.743 WARN  o.s.b.j.a.JpaBaseConfiguration$JpaWebConfiguration - spring.jpa.open-in-view is enabled by default. Therefore, database queries may be performed during view rendering. Explicitly configure spring.jpa.open-in-view to disable this warning
2026-07-25 19:17:24.623 INFO  c.j.b.s.service.UserServiceTest - Started UserServiceTest in 6.524 seconds (process running for 7.894)
2026-07-25 19:17:25.456 INFO  o.s.o.j.LocalContainerEntityManagerFactoryBean - Closing JPA EntityManagerFactory for persistence unit 'default'
2026-07-25 19:17:25.465 INFO  com.zaxxer.hikari.HikariDataSource - HikariPool-1 - Shutdown initiated...
2026-07-25 19:17:25.466 INFO  com.zaxxer.hikari.HikariDataSource - HikariPool-1 - Shutdown completed.
2026-07-25 19:22:45.332 INFO  c.j.b.s.service.UserServiceTest - Starting UserServiceTest using Java 25.0.3 with PID 24804 (started by lolth in G:\Usuarios\lolth\Documentos\Workspace Eclipse & IntelliJ\backendPortafolio)
2026-07-25 19:22:45.337 DEBUG c.j.b.s.service.UserServiceTest - Running with Spring Boot v4.0.3, Spring v7.0.5
2026-07-25 19:22:45.338 INFO  c.j.b.s.service.UserServiceTest - The following 1 profile is active: "test"
2026-07-25 19:22:46.725 INFO  o.s.d.r.c.RepositoryConfigurationDelegate - Bootstrapping Spring Data JPA repositories in DEFAULT mode.
2026-07-25 19:22:46.828 INFO  o.s.d.r.c.RepositoryConfigurationDelegate - Finished Spring Data repository scanning in 94 ms. Found 8 JPA repository interfaces.
2026-07-25 19:22:48.060 INFO  o.s.o.j.p.SpringPersistenceUnitInfo - No LoadTimeWeaver setup: ignoring JPA class transformer
2026-07-25 19:22:48.099 INFO  com.zaxxer.hikari.HikariDataSource - HikariPool-1 - Starting...
2026-07-25 19:22:48.315 INFO  com.zaxxer.hikari.pool.HikariPool - HikariPool-1 - Added connection conn0: url=jdbc:h2:mem:testdb user=SA
2026-07-25 19:22:48.315 INFO  com.zaxxer.hikari.HikariDataSource - HikariPool-1 - Start completed.
2026-07-25 19:22:49.606 INFO  o.s.o.j.LocalContainerEntityManagerFactoryBean - Initialized JPA EntityManagerFactory for persistence unit 'default'
2026-07-25 19:22:49.713 INFO  o.s.d.j.r.q.QueryEnhancerFactories - Hibernate is in classpath; If applicable, HQL parser will be used.
2026-07-25 19:22:51.069 INFO  o.s.s.c.a.a.c.InitializeUserDetailsBeanManagerConfigurer$InitializeUserDetailsManagerConfigurer - Global AuthenticationManager configured with UserDetailsService bean with name userDetailsServiceImpl
2026-07-25 19:22:51.195 WARN  o.s.b.j.a.JpaBaseConfiguration$JpaWebConfiguration - spring.jpa.open-in-view is enabled by default. Therefore, database queries may be performed during view rendering. Explicitly configure spring.jpa.open-in-view to disable this warning
2026-07-25 19:22:54.574 INFO  c.j.b.s.service.UserServiceTest - Started UserServiceTest in 9.647 seconds (process running for 11.396)
2026-07-25 19:22:57.390 INFO  o.s.o.j.LocalContainerEntityManagerFactoryBean - Closing JPA EntityManagerFactory for persistence unit 'default'
2026-07-25 19:22:57.400 INFO  com.zaxxer.hikari.HikariDataSource - HikariPool-1 - Shutdown initiated...
2026-07-25 19:22:57.402 INFO  com.zaxxer.hikari.HikariDataSource - HikariPool-1 - Shutdown completed.
2026-07-25 19:24:56.333 INFO  c.j.b.s.service.UserServiceTest - Starting UserServiceTest using Java 25.0.3 with PID 12048 (started by lolth in G:\Usuarios\lolth\Documentos\Workspace Eclipse & IntelliJ\backendPortafolio)
2026-07-25 19:24:56.334 DEBUG c.j.b.s.service.UserServiceTest - Running with Spring Boot v4.0.3, Spring v7.0.5
2026-07-25 19:24:56.334 INFO  c.j.b.s.service.UserServiceTest - The following 1 profile is active: "test"
2026-07-25 19:24:57.721 INFO  o.s.d.r.c.RepositoryConfigurationDelegate - Bootstrapping Spring Data JPA repositories in DEFAULT mode.
2026-07-25 19:24:57.815 INFO  o.s.d.r.c.RepositoryConfigurationDelegate - Finished Spring Data repository scanning in 85 ms. Found 8 JPA repository interfaces.
2026-07-25 19:24:58.923 INFO  o.s.o.j.p.SpringPersistenceUnitInfo - No LoadTimeWeaver setup: ignoring JPA class transformer
2026-07-25 19:24:58.956 INFO  com.zaxxer.hikari.HikariDataSource - HikariPool-1 - Starting...
2026-07-25 19:24:59.134 INFO  com.zaxxer.hikari.pool.HikariPool - HikariPool-1 - Added connection conn0: url=jdbc:h2:mem:testdb user=SA
2026-07-25 19:24:59.135 INFO  com.zaxxer.hikari.HikariDataSource - HikariPool-1 - Start completed.
2026-07-25 19:25:00.326 INFO  o.s.o.j.LocalContainerEntityManagerFactoryBean - Initialized JPA EntityManagerFactory for persistence unit 'default'
2026-07-25 19:25:00.426 INFO  o.s.d.j.r.q.QueryEnhancerFactories - Hibernate is in classpath; If applicable, HQL parser will be used.
2026-07-25 19:25:01.662 INFO  o.s.s.c.a.a.c.InitializeUserDetailsBeanManagerConfigurer$InitializeUserDetailsManagerConfigurer - Global AuthenticationManager configured with UserDetailsService bean with name userDetailsServiceImpl
2026-07-25 19:25:01.786 WARN  o.s.b.j.a.JpaBaseConfiguration$JpaWebConfiguration - spring.jpa.open-in-view is enabled by default. Therefore, database queries may be performed during view rendering. Explicitly configure spring.jpa.open-in-view to disable this warning
2026-07-25 19:25:02.721 INFO  c.j.b.s.service.UserServiceTest - Started UserServiceTest in 6.782 seconds (process running for 8.201)
2026-07-25 19:25:03.514 INFO  o.s.o.j.LocalContainerEntityManagerFactoryBean - Closing JPA EntityManagerFactory for persistence unit 'default'
2026-07-25 19:25:03.523 INFO  com.zaxxer.hikari.HikariDataSource - HikariPool-1 - Shutdown initiated...
2026-07-25 19:25:03.524 INFO  com.zaxxer.hikari.HikariDataSource - HikariPool-1 - Shutdown completed.
2026-07-25 19:26:34.147 INFO  c.j.b.s.service.UserServiceTest - Starting UserServiceTest using Java 25.0.3 with PID 11660 (started by lolth in G:\Usuarios\lolth\Documentos\Workspace Eclipse & IntelliJ\backendPortafolio)
2026-07-25 19:26:34.148 DEBUG c.j.b.s.service.UserServiceTest - Running with Spring Boot v4.0.3, Spring v7.0.5
2026-07-25 19:26:34.148 INFO  c.j.b.s.service.UserServiceTest - The following 1 profile is active: "test"
2026-07-25 19:26:35.138 INFO  o.s.d.r.c.RepositoryConfigurationDelegate - Bootstrapping Spring Data JPA repositories in DEFAULT mode.
2026-07-25 19:26:35.235 INFO  o.s.d.r.c.RepositoryConfigurationDelegate - Finished Spring Data repository scanning in 88 ms. Found 8 JPA repository interfaces.
2026-07-25 19:26:36.313 INFO  o.s.o.j.p.SpringPersistenceUnitInfo - No LoadTimeWeaver setup: ignoring JPA class transformer
2026-07-25 19:26:36.347 INFO  com.zaxxer.hikari.HikariDataSource - HikariPool-1 - Starting...
2026-07-25 19:26:36.535 INFO  com.zaxxer.hikari.pool.HikariPool - HikariPool-1 - Added connection conn0: url=jdbc:h2:mem:testdb user=SA
2026-07-25 19:26:36.537 INFO  com.zaxxer.hikari.HikariDataSource - HikariPool-1 - Start completed.
2026-07-25 19:26:37.666 INFO  o.s.o.j.LocalContainerEntityManagerFactoryBean - Initialized JPA EntityManagerFactory for persistence unit 'default'
2026-07-25 19:26:37.761 INFO  o.s.d.j.r.q.QueryEnhancerFactories - Hibernate is in classpath; If applicable, HQL parser will be used.
2026-07-25 19:26:39.121 INFO  o.s.s.c.a.a.c.InitializeUserDetailsBeanManagerConfigurer$InitializeUserDetailsManagerConfigurer - Global AuthenticationManager configured with UserDetailsService bean with name userDetailsServiceImpl
2026-07-25 19:26:39.258 WARN  o.s.b.j.a.JpaBaseConfiguration$JpaWebConfiguration - spring.jpa.open-in-view is enabled by default. Therefore, database queries may be performed during view rendering. Explicitly configure spring.jpa.open-in-view to disable this warning
2026-07-25 19:26:40.064 INFO  c.j.b.s.service.UserServiceTest - Started UserServiceTest in 6.311 seconds (process running for 7.729)
2026-07-25 19:26:40.578 INFO  o.s.o.j.LocalContainerEntityManagerFactoryBean - Closing JPA EntityManagerFactory for persistence unit 'default'
2026-07-25 19:26:40.587 INFO  com.zaxxer.hikari.HikariDataSource - HikariPool-1 - Shutdown initiated...
2026-07-25 19:26:40.589 INFO  com.zaxxer.hikari.HikariDataSource - HikariPool-1 - Shutdown completed.
2026-07-25 19:26:47.374 INFO  c.j.b.s.service.UserServiceTest - Starting UserServiceTest using Java 25.0.3 with PID 11020 (started by lolth in G:\Usuarios\lolth\Documentos\Workspace Eclipse & IntelliJ\backendPortafolio)
2026-07-25 19:26:47.375 DEBUG c.j.b.s.service.UserServiceTest - Running with Spring Boot v4.0.3, Spring v7.0.5
2026-07-25 19:26:47.376 INFO  c.j.b.s.service.UserServiceTest - The following 1 profile is active: "test"
2026-07-25 19:26:48.385 INFO  o.s.d.r.c.RepositoryConfigurationDelegate - Bootstrapping Spring Data JPA repositories in DEFAULT mode.
2026-07-25 19:26:48.519 INFO  o.s.d.r.c.RepositoryConfigurationDelegate - Finished Spring Data repository scanning in 122 ms. Found 8 JPA repository interfaces.
2026-07-25 19:26:49.800 INFO  o.s.o.j.p.SpringPersistenceUnitInfo - No LoadTimeWeaver setup: ignoring JPA class transformer
2026-07-25 19:26:49.833 INFO  com.zaxxer.hikari.HikariDataSource - HikariPool-1 - Starting...
2026-07-25 19:26:50.009 INFO  com.zaxxer.hikari.pool.HikariPool - HikariPool-1 - Added connection conn0: url=jdbc:h2:mem:testdb user=SA
2026-07-25 19:26:50.010 INFO  com.zaxxer.hikari.HikariDataSource - HikariPool-1 - Start completed.
2026-07-25 19:26:51.225 INFO  o.s.o.j.LocalContainerEntityManagerFactoryBean - Initialized JPA EntityManagerFactory for persistence unit 'default'
2026-07-25 19:26:51.322 INFO  o.s.d.j.r.q.QueryEnhancerFactories - Hibernate is in classpath; If applicable, HQL parser will be used.
2026-07-25 19:26:52.623 INFO  o.s.s.c.a.a.c.InitializeUserDetailsBeanManagerConfigurer$InitializeUserDetailsManagerConfigurer - Global AuthenticationManager configured with UserDetailsService bean with name userDetailsServiceImpl
2026-07-25 19:26:52.751 WARN  o.s.b.j.a.JpaBaseConfiguration$JpaWebConfiguration - spring.jpa.open-in-view is enabled by default. Therefore, database queries may be performed during view rendering. Explicitly configure spring.jpa.open-in-view to disable this warning
2026-07-25 19:26:53.600 INFO  c.j.b.s.service.UserServiceTest - Started UserServiceTest in 6.684 seconds (process running for 8.098)
2026-07-25 19:26:54.527 INFO  o.s.o.j.LocalContainerEntityManagerFactoryBean - Closing JPA EntityManagerFactory for persistence unit 'default'
2026-07-25 19:26:54.539 INFO  com.zaxxer.hikari.HikariDataSource - HikariPool-1 - Shutdown initiated...
2026-07-25 19:26:54.541 INFO  com.zaxxer.hikari.HikariDataSource - HikariPool-1 - Shutdown completed.
